\BOOKMARK [0][-]{chapter*.2}{\376\377\000I\000n\000t\000r\000o\000d\000u\000c\000c\000i\000\363\000n}{}% 1
\BOOKMARK [0][-]{chapter.1}{\376\377\000H\000u\000m\000a\000n\000i\000s\000m\000o\000\040\000y\000\040\000r\000e\000l\000e\000c\000t\000u\000r\000a\000\040\000d\000e\000\040\000l\000a\000\040\000A\000n\000t\000i\000g\000\374\000e\000d\000a\000d}{}% 2
\BOOKMARK [1][-]{section.1.1}{\376\377\000H\000u\000m\000a\000n\000i\000s\000m\000o\000\040\000c\000\355\000v\000i\000c\000o\000\040\000y\000\040\000v\000i\000r\000t\000u\000d\000\040\000r\000e\000p\000u\000b\000l\000i\000c\000a\000n\000a}{chapter.1}% 3
\BOOKMARK [1][-]{section.1.2}{\376\377\000E\000d\000u\000c\000a\000c\000i\000\363\000n\000,\000\040\000r\000e\000t\000\363\000r\000i\000c\000a\000\040\000y\000\040\000v\000i\000r\000t\000u\000d\000\040\000m\000o\000r\000a\000l}{chapter.1}% 4
\BOOKMARK [1][-]{section.1.3}{\376\377\000F\000i\000l\000o\000l\000o\000g\000\355\000a\000,\000\040\000t\000r\000a\000d\000u\000c\000c\000i\000\363\000n\000\040\000y\000\040\000c\000r\000\355\000t\000i\000c\000a\000\040\000t\000e\000x\000t\000u\000a\000l}{chapter.1}% 5
\BOOKMARK [1][-]{section.1.4}{\376\377\000C\000i\000r\000c\000u\000l\000a\000c\000i\000\363\000n\000\040\000d\000e\000\040\000t\000e\000x\000t\000o\000s\000\040\000y\000\040\000s\000o\000c\000i\000a\000b\000i\000l\000i\000d\000a\000d\000\040\000l\000e\000t\000r\000a\000d\000a}{chapter.1}% 6
\BOOKMARK [1][-]{section.1.5}{\376\377\000G\000e\000o\000g\000r\000a\000f\000\355\000a\000s\000\040\000m\000\372\000l\000t\000i\000p\000l\000e\000s\000\040\000d\000e\000l\000\040\000h\000u\000m\000a\000n\000i\000s\000m\000o}{chapter.1}% 7
\BOOKMARK [1][-]{section.1.6}{\376\377\000H\000u\000m\000a\000n\000i\000s\000m\000o\000,\000\040\000g\000\351\000n\000e\000r\000o\000\040\000y\000\040\000e\000s\000f\000e\000r\000a\000\040\000d\000o\000m\000\351\000s\000t\000i\000c\000a}{chapter.1}% 8
\BOOKMARK [1][-]{section.1.7}{\376\377\000H\000u\000m\000a\000n\000i\000s\000m\000o\000\040\000a\000r\000t\000\355\000s\000t\000i\000c\000o\000\040\000y\000\040\000m\000a\000t\000e\000r\000i\000a\000l\000i\000d\000a\000d\000\040\000d\000e\000l\000\040\000s\000a\000b\000e\000r}{chapter.1}% 9
\BOOKMARK [1][-]{section.1.8}{\376\377\000R\000e\000l\000i\000g\000i\000\363\000n\000,\000\040\000c\000r\000\355\000t\000i\000c\000a\000\040\000y\000\040\000r\000e\000n\000o\000v\000a\000c\000i\000\363\000n\000\040\000e\000s\000p\000i\000r\000i\000t\000u\000a\000l}{chapter.1}% 10
\BOOKMARK [1][-]{section.1.9}{\376\377\000H\000u\000m\000a\000n\000i\000s\000m\000o\000\040\000y\000\040\000e\000x\000p\000e\000r\000i\000e\000n\000c\000i\000a\000\040\000u\000r\000b\000a\000n\000a}{chapter.1}% 11
\BOOKMARK [1][-]{section.1.10}{\376\377\000D\000i\000m\000e\000n\000s\000i\000\363\000n\000\040\000e\000c\000o\000n\000\363\000m\000i\000c\000a\000\040\000y\000\040\000r\000e\000d\000e\000s\000\040\000d\000e\000\040\000p\000a\000t\000r\000o\000n\000a\000z\000g\000o}{chapter.1}% 12
\BOOKMARK [1][-]{section.1.11}{\376\377\000H\000u\000m\000a\000n\000i\000s\000m\000o\000\040\000y\000\040\000p\000r\000\341\000c\000t\000i\000c\000a\000s\000\040\000d\000e\000\040\000l\000e\000c\000t\000u\000r\000a}{chapter.1}% 13
\BOOKMARK [1][-]{section.1.12}{\376\377\000P\000e\000r\000s\000i\000s\000t\000e\000n\000c\000i\000a\000s\000\040\000y\000\040\000l\000e\000g\000a\000d\000o\000s}{chapter.1}% 14
\BOOKMARK [1][-]{section.1.13}{\376\377\000U\000n\000a\000\040\000r\000e\000l\000e\000c\000t\000u\000r\000a\000\040\000p\000e\000r\000m\000a\000n\000e\000n\000t\000e}{chapter.1}% 15
\BOOKMARK [0][-]{chapter.2}{\376\377\000A\000r\000t\000e\000s\000\040\000v\000i\000s\000u\000a\000l\000e\000s\000\040\000y\000\040\000c\000o\000n\000s\000t\000r\000u\000c\000c\000i\000\363\000n\000\040\000d\000e\000\040\000i\000d\000e\000n\000t\000i\000d\000a\000d}{}% 16
\BOOKMARK [1][-]{section.2.1}{\376\377\000M\000e\000c\000e\000n\000a\000z\000g\000o\000,\000\040\000p\000o\000l\000\355\000t\000i\000c\000a\000\040\000y\000\040\000d\000i\000p\000l\000o\000m\000a\000c\000i\000a\000\040\000v\000i\000s\000u\000a\000l}{chapter.2}% 17
\BOOKMARK [1][-]{section.2.2}{\376\377\000T\000a\000l\000l\000e\000r\000,\000\040\000m\000a\000t\000e\000r\000i\000a\000l\000i\000d\000a\000d\000\040\000y\000\040\000c\000i\000r\000c\000u\000l\000a\000c\000i\000\363\000n\000\040\000t\000\351\000c\000n\000i\000c\000a}{chapter.2}% 18
\BOOKMARK [1][-]{section.2.3}{\376\377\000R\000e\000t\000r\000a\000t\000o\000,\000\040\000c\000u\000e\000r\000p\000o\000\040\000y\000\040\000a\000f\000e\000c\000t\000o\000s}{chapter.2}% 19
\BOOKMARK [1][-]{section.2.4}{\376\377\000P\000a\000i\000s\000a\000j\000e\000,\000\040\000n\000a\000r\000r\000a\000t\000i\000v\000a\000\040\000y\000\040\000e\000x\000p\000e\000r\000i\000e\000n\000c\000i\000a\000\040\000d\000e\000l\000\040\000e\000s\000p\000e\000c\000t\000a\000d\000o\000r}{chapter.2}% 20
\BOOKMARK [1][-]{section.2.5}{\376\377\000G\000r\000a\000b\000a\000d\000o\000,\000\040\000r\000e\000p\000r\000o\000d\000u\000c\000c\000i\000\363\000n\000\040\000y\000\040\000p\000\372\000b\000l\000i\000c\000o\000s\000\040\000a\000m\000p\000l\000i\000a\000d\000o\000s}{chapter.2}% 21
\BOOKMARK [1][-]{section.2.6}{\376\377\000D\000e\000v\000o\000c\000i\000\363\000n\000,\000\040\000r\000i\000t\000u\000a\000l\000\040\000y\000\040\000a\000r\000t\000e\000\040\000e\000f\000\355\000m\000e\000r\000o}{chapter.2}% 22
\BOOKMARK [0][-]{chapter.3}{\376\377\000C\000i\000e\000n\000c\000i\000a\000,\000\040\000s\000a\000l\000u\000d\000\040\000y\000\040\000c\000o\000n\000t\000r\000o\000l\000\040\000s\000o\000c\000i\000a\000l}{}% 23
\BOOKMARK [1][-]{section.3.1}{\376\377\000U\000n\000i\000v\000e\000r\000s\000i\000d\000a\000d\000e\000s\000,\000\040\000a\000n\000a\000t\000o\000m\000\355\000a\000\040\000p\000\372\000b\000l\000i\000c\000a\000\040\000y\000\040\000c\000u\000l\000t\000u\000r\000a\000\040\000m\000a\000t\000e\000r\000i\000a\000l}{chapter.3}% 24
\BOOKMARK [1][-]{section.3.2}{\376\377\000I\000m\000p\000r\000e\000n\000t\000a\000,\000\040\000r\000e\000g\000l\000a\000m\000e\000n\000t\000o\000s\000\040\000y\000\040\000e\000s\000t\000a\000n\000d\000a\000r\000i\000z\000a\000c\000i\000\363\000n}{chapter.3}% 25
\BOOKMARK [1][-]{section.3.3}{\376\377\000A\000s\000t\000r\000o\000n\000o\000m\000\355\000a\000,\000\040\000a\000s\000t\000r\000o\000l\000o\000g\000\355\000a\000\040\000y\000\040\000g\000o\000b\000i\000e\000r\000n\000o\000\040\000d\000e\000\040\000p\000o\000b\000l\000a\000c\000i\000o\000n\000e\000s}{chapter.3}% 26
\BOOKMARK [1][-]{section.3.4}{\376\377\000B\000o\000t\000\341\000n\000i\000c\000a\000,\000\040\000f\000a\000r\000m\000a\000c\000i\000a\000\040\000y\000\040\000e\000c\000o\000n\000o\000m\000\355\000a\000\040\000i\000m\000p\000e\000r\000i\000a\000l}{chapter.3}% 27
\BOOKMARK [1][-]{section.3.5}{\376\377\000H\000o\000s\000p\000i\000t\000a\000l\000e\000s\000,\000\040\000m\000o\000r\000a\000l\000\040\000y\000\040\000r\000e\000g\000u\000l\000a\000c\000i\000\363\000n\000\040\000d\000e\000\040\000c\000u\000e\000r\000p\000o\000s}{chapter.3}% 28
\BOOKMARK [0][-]{chapter.4}{\376\377\000L\000i\000b\000r\000o\000,\000\040\000i\000m\000p\000r\000e\000n\000t\000a\000\040\000y\000\040\000c\000i\000r\000c\000u\000l\000a\000c\000i\000\363\000n\000\040\000d\000e\000\040\000i\000d\000e\000a\000s}{}% 29
\BOOKMARK [1][-]{section.4.1}{\376\377\000T\000e\000c\000n\000o\000l\000o\000g\000\355\000a\000\040\000y\000\040\000o\000r\000g\000a\000n\000i\000z\000a\000c\000i\000\363\000n\000\040\000d\000e\000l\000\040\000t\000a\000l\000l\000e\000r}{chapter.4}% 30
\BOOKMARK [1][-]{section.4.2}{\376\377\000F\000o\000r\000m\000a\000t\000o\000s\000,\000\040\000t\000i\000r\000a\000j\000e\000s\000\040\000y\000\040\000e\000c\000o\000n\000o\000m\000\355\000a\000\040\000d\000e\000l\000\040\000p\000a\000p\000e\000l}{chapter.4}% 31
\BOOKMARK [1][-]{section.4.3}{\376\377\000R\000e\000d\000e\000s\000\040\000d\000e\000\040\000d\000i\000s\000t\000r\000i\000b\000u\000c\000i\000\363\000n\000\040\000y\000\040\000f\000e\000r\000i\000a\000s\000\040\000d\000e\000l\000\040\000l\000i\000b\000r\000o}{chapter.4}% 32
\BOOKMARK [1][-]{section.4.4}{\376\377\000L\000e\000c\000t\000o\000r\000e\000s\000,\000\040\000a\000l\000f\000a\000b\000e\000t\000i\000z\000a\000c\000i\000\363\000n\000\040\000y\000\040\000p\000r\000\341\000c\000t\000i\000c\000a\000s\000\040\000d\000e\000\040\000u\000s\000o}{chapter.4}% 33
\BOOKMARK [1][-]{section.4.5}{\376\377\000I\000m\000p\000r\000e\000n\000t\000a\000,\000\040\000r\000e\000f\000o\000r\000m\000a\000\040\000r\000e\000l\000i\000g\000i\000o\000s\000a\000\040\000y\000\040\000c\000o\000n\000t\000r\000o\000v\000e\000r\000s\000i\000a}{chapter.4}% 34
\BOOKMARK [1][-]{section.4.6}{\376\377\000I\000m\000a\000g\000e\000n\000\040\000i\000m\000p\000r\000e\000s\000a\000,\000\040\000g\000r\000a\000b\000a\000d\000o\000\040\000y\000\040\000e\000d\000u\000c\000a\000c\000i\000\363\000n\000\040\000v\000i\000s\000u\000a\000l}{chapter.4}% 35
\BOOKMARK [1][-]{section.4.7}{\376\377\000B\000i\000b\000l\000i\000o\000t\000e\000c\000a\000s\000,\000\040\000c\000o\000l\000e\000c\000c\000i\000o\000n\000i\000s\000m\000o\000\040\000y\000\040\000g\000o\000b\000i\000e\000r\000n\000o\000\040\000d\000e\000l\000\040\000s\000a\000b\000e\000r}{chapter.4}% 36
\BOOKMARK [1][-]{section.4.8}{\376\377\000A\000u\000t\000o\000r\000\355\000a\000,\000\040\000r\000e\000p\000u\000t\000a\000c\000i\000\363\000n\000\040\000y\000\040\000d\000e\000r\000e\000c\000h\000o\000s\000\040\000d\000e\000\040\000i\000m\000p\000r\000e\000s\000i\000\363\000n}{chapter.4}% 37
\BOOKMARK [1][-]{section.4.9}{\376\377\000I\000m\000p\000r\000e\000n\000t\000a\000\040\000y\000\040\000c\000i\000e\000n\000c\000i\000a\000\040\000e\000n\000\040\000f\000o\000r\000m\000a\000c\000i\000\363\000n}{chapter.4}% 38
\BOOKMARK [1][-]{section.4.10}{\376\377\000P\000e\000r\000s\000i\000s\000t\000e\000n\000c\000i\000a\000s\000,\000\040\000o\000r\000a\000l\000i\000d\000a\000d\000\040\000y\000\040\000c\000u\000l\000t\000u\000r\000a\000\040\000p\000o\000p\000u\000l\000a\000r}{chapter.4}% 39
\BOOKMARK [0][-]{chapter.5}{\376\377\000G\000\351\000n\000e\000r\000o\000,\000\040\000s\000e\000x\000u\000a\000l\000i\000d\000a\000d\000\040\000y\000\040\000r\000e\000p\000r\000e\000s\000e\000n\000t\000a\000c\000i\000\363\000n}{}% 40
\BOOKMARK [1][-]{section.5.1}{\376\377\000M\000a\000s\000c\000u\000l\000i\000n\000i\000d\000a\000d\000e\000s\000\040\000y\000\040\000h\000o\000m\000o\000e\000r\000o\000t\000i\000s\000m\000o}{chapter.5}% 41
\BOOKMARK [1][-]{section.5.2}{\376\377\000C\000u\000e\000r\000p\000o\000s\000\040\000f\000e\000m\000e\000n\000i\000n\000o\000s\000\040\000y\000\040\000a\000g\000e\000n\000c\000i\000a}{chapter.5}% 42
\BOOKMARK [1][-]{section.5.3}{\376\377\000S\000a\000l\000u\000d\000,\000\040\000s\000e\000x\000u\000a\000l\000i\000d\000a\000d\000\040\000y\000\040\000p\000o\000l\000\355\000t\000i\000c\000a\000\040\000d\000e\000l\000\040\000c\000u\000e\000r\000p\000o}{chapter.5}% 43
\BOOKMARK [1][-]{section.5.4}{\376\377\000E\000s\000p\000a\000c\000i\000o\000s\000\040\000d\000e\000\040\000s\000o\000c\000i\000a\000b\000i\000l\000i\000d\000a\000d\000\040\000y\000\040\000p\000e\000r\000f\000o\000r\000m\000a\000t\000i\000v\000i\000d\000a\000d}{chapter.5}% 44
\BOOKMARK [1][-]{section.5.5}{\376\377\000C\000o\000n\000c\000l\000u\000s\000i\000\363\000n}{chapter.5}% 45
\BOOKMARK [0][-]{chapter*.8}{\376\377\000C\000o\000n\000c\000l\000u\000s\000i\000o\000n\000e\000s}{}% 46
\BOOKMARK [0][-]{chapter*.9}{\376\377\000R\000e\000f\000e\000r\000e\000n\000c\000i\000a\000s}{}% 47
